[20:22:59] [main/INFO] (FabricLoader/GameProvider) Loading Minecraft 26.1 with Fabric Loader 0.18.4
[20:22:59] [main/INFO] (FabricLoader/Mappings) Mappings not present!
[20:22:59] [ForkJoinPool-1-worker-1/WARN] (FabricLoader/Metadata) Mod vanilla_expansion uses the version 0.0.2C which isn't compatible with Loader's extended semantic version format (Could not parse version number component '2C'!), SemVer is recommended for reliably evaluating dependencies and prioritizing newer version
[20:22:59] [main/INFO] (FabricLoader) Loading 47 mods:
	- fabric-api 0.144.1+26.1
	- fabric-api-base 2.0.3+ece0632347
	- fabric-api-lookup-api-v1 2.0.10+d5a053b647
	- fabric-biome-api-v1 18.0.4+35c80edc47
	- fabric-block-api-v1 3.0.2+ec56b60147
	- fabric-block-getter-api-v2 2.0.6+ec56b60147
	- fabric-client-gametest-api-v1 5.0.12+688f513047
	- fabric-command-api-v2 3.0.5+e2bdee7847
	- fabric-content-registries-v0 11.0.12+d871b99e47
	- fabric-convention-tags-v2 4.3.2+c37e6e5f47
	- fabric-crash-report-info-v1 1.0.3+9f78a5a847
	- fabric-creative-tab-api-v1 5.0.10+d871b99e47
	- fabric-data-attachment-api-v1 2.2.2+35c80edc47
	- fabric-data-generation-api-v1 24.0.17+35c80edc47
	- fabric-debug-api-v1 1.0.1+c792624d47
	- fabric-dimensions-v1 5.1.4+9cbf5da547
	- fabric-entity-events-v1 5.0.2+e2bdee7847
	- fabric-events-interaction-v0 5.1.10+c82f046147
	- fabric-game-rule-api-v1 4.0.5+d871b99e47
	- fabric-gametest-api-v1 4.0.13+00a1fba647
	- fabric-item-api-v1 14.1.0+9833182c47
	- fabric-key-mapping-api-v1 2.0.4+e2bdee7847
	- fabric-lifecycle-events-v1 4.0.6+a9b9c17647
	- fabric-loot-api-v3 3.0.11+00a1fba647
	- fabric-menu-api-v1 2.0.12+d871b99e47
	- fabric-message-api-v1 7.0.4+e2bdee7847
	- fabric-networking-api-v1 6.3.0+50a808ce47
	- fabric-object-builder-api-v1 23.0.13+b61fef4347
	- fabric-particles-v1 5.0.14+b61fef4347
	- fabric-recipe-api-v1 9.0.13+be4b75ae47
	- fabric-registry-sync-v0 7.0.12+b61fef4347
	- fabric-rendering-fluids-v1 6.0.1+d871b99e47
	- fabric-rendering-v1 23.0.3+2fb0624747
	- fabric-resource-conditions-api-v1 6.0.5+00a1fba647
	- fabric-resource-loader-v0 3.3.16+4fc5413f47
	- fabric-resource-loader-v1 2.0.9+d871b99e47
	- fabric-screen-api-v1 5.0.1+d871b99e47
	- fabric-serialization-api-v1 2.0.3+11a26f3147
	- fabric-sound-api-v1 2.0.4+11a26f3147
	- fabric-tag-api-v1 2.0.9+11a26f3147
	- fabric-transfer-api-v1 8.0.2+d871b99e47
	- fabric-transitive-access-wideners-v1 8.0.11+d871b99e47
	- fabricloader 0.18.4
	- java 25
	- minecraft 26.1
	- mixinextras 0.5.0
	- vanilla_expansion 0.0.2C
[20:22:59] [main/WARN] (FabricLoader/ModRemap) Runtime mod remapping disabled due to no fabric.remapClasspathFile being specified. You may need to update loom.
[20:22:59] [main/INFO] (FabricLoader/Mixin) SpongePowered MIXIN Subsystem Version=0.8.7 Source=file:/C:/Users/Diaan/.gradle/caches/modules-2/files-2.1/net.fabricmc/sponge-mixin/0.17.0+mixin.0.8.7/cf31463202f72d03b0ef1e1e38e8ee71b7faaab6/sponge-mixin-0.17.0+mixin.0.8.7.jar Service=Knot/Fabric Env=CLIENT
[20:22:59] [main/WARN] (FabricLoader/Mixin) The requested compatibility level JAVA_25 is higher than the level supported by the active subsystem 'Knot/Fabric' which supports JAVA_22. This is not a supported configuration and instability may occur.
[20:22:59] [main/INFO] (FabricLoader/Mixin) Compatibility level set to JAVA_25
[20:22:59] [main/INFO] (FabricLoader/MixinExtras|Service) Initializing MixinExtras via com.llamalad7.mixinextras.service.MixinExtrasServiceImpl(version=0.5.0).
[20:23:00] [Datafixer Bootstrap/INFO] (Minecraft) 291 Datafixer optimizations took 180 milliseconds
[20:23:03] [Render thread/INFO] (Minecraft) Environment: Environment[sessionHost=https://sessionserver.mojang.com, servicesHost=https://api.minecraftservices.com, profilesHost=https://api.mojang.com, name=PROD]
[20:23:03] [Render thread/INFO] (Minecraft) Setting user: Player698
[20:23:03] [Download-2/ERROR] (Minecraft) Failed to fetch user properties
com.mojang.authlib.exceptions.InvalidCredentialsException: Status: 401
	at knot//com.mojang.authlib.exceptions.MinecraftClientHttpException.toAuthenticationException(MinecraftClientHttpException.java:59)
	at knot//com.mojang.authlib.yggdrasil.YggdrasilUserApiService.fetchProperties(YggdrasilUserApiService.java:150)
	at knot//net.minecraft.client.Minecraft.lambda$new$1(Minecraft.java:442)
	at java.base/java.util.concurrent.CompletableFuture$AsyncSupply.run(CompletableFuture.java:1789)
	at java.base/java.util.concurrent.ThreadPoolExecutor.runWorker(ThreadPoolExecutor.java:1090)
	at java.base/java.util.concurrent.ThreadPoolExecutor$Worker.run(ThreadPoolExecutor.java:614)
	at java.base/java.lang.Thread.run(Thread.java:1474)
Caused by: com.mojang.authlib.exceptions.MinecraftClientHttpException: Status: 401
	at knot//com.mojang.authlib.minecraft.client.MinecraftClient.readInputStream(MinecraftClient.java:103)
	at knot//com.mojang.authlib.minecraft.client.MinecraftClient.get(MinecraftClient.java:56)
	at knot//com.mojang.authlib.yggdrasil.YggdrasilUserApiService.fetchProperties(YggdrasilUserApiService.java:121)
	... 5 more
[20:23:03] [Render thread/INFO] (FabricDataGenHelper) Running data generator for vanilla_expansion
[20:23:03] [Render thread/INFO] (Minecraft) Starting uncached provider: Vanilla Expansion/Tags for minecraft:item
[20:23:03] [Render thread/INFO] (Minecraft) Vanilla Expansion/Tags for minecraft:item finished after 13 ms
[20:23:03] [Render thread/INFO] (Minecraft) Starting uncached provider: Vanilla Expansion/Tags for minecraft:block
[20:23:03] [Render thread/INFO] (Minecraft) Vanilla Expansion/Tags for minecraft:block finished after 0 ms
[20:23:03] [Render thread/INFO] (Minecraft) Starting uncached provider: Vanilla Expansion/Model Definitions
[20:23:04] [Render thread/INFO] (Minecraft) Vanilla Expansion/Model Definitions finished after 58 ms
[20:23:04] [Render thread/INFO] (Minecraft) Starting uncached provider: Vanilla Expansion/Advancements
[20:23:04] [Render thread/INFO] (Minecraft) Vanilla Expansion/Advancements finished after 0 ms
[20:23:04] [Render thread/INFO] (Minecraft) Starting uncached provider: Vanilla Expansion/Vanilla Expansion Recipes
[20:23:04] [Render thread/INFO] (Minecraft) Vanilla Expansion/Vanilla Expansion Recipes finished after 21 ms
[20:23:04] [Render thread/INFO] (Minecraft) Starting uncached provider: Vanilla Expansion/Block Loot Tables
[20:23:04] [Render thread/INFO] (Minecraft) Vanilla Expansion/Block Loot Tables finished after 9 ms
[20:23:04] [Render thread/INFO] (Minecraft) All providers took: 105 ms
